../Core/Src/main.c:102:13:delay_cpu	16	static,ignoring_inline_asm
../Core/Src/main.c:164:13:add_to_cart	24	static
../Core/Src/main.c:183:17:get_cart_total	16	static
../Core/Src/main.c:192:16:get_total_item_count	16	static
../Core/Src/main.c:202:13:i2c1_init	8	static
../Core/Src/main.c:228:12:i2c1_start_write	24	static
../Core/Src/main.c:240:12:i2c1_write_bytes	32	static
../Core/Src/main.c:253:13:i2c1_stop	8	static
../Core/Src/main.c:259:12:i2c1_write_transaction	32	static
../Core/Src/main.c:268:12:ssd1306_command	24	static
../Core/Src/main.c:274:12:ssd1306_data	72	static
../Core/Src/main.c:291:13:ssd1306_init	8	static
../Core/Src/main.c:312:13:ssd1306_clear	144	static
../Core/Src/main.c:325:13:ssd1306_set_pos	16	static
../Core/Src/main.c:348:13:ssd1306_draw_char	32	static
../Core/Src/main.c:359:13:ssd1306_print	24	static
../Core/Src/main.c:369:13:buzzer_beep	24	static
../Core/Src/main.c:379:16:button_pressed	16	static
../Core/Src/main.c:394:17:read_potentiometer	16	static,ignoring_inline_asm
../Core/Src/main.c:408:13:show_welcome	8	static
../Core/Src/main.c:416:13:show_product_with_uid	112	static
../Core/Src/main.c:431:13:show_invalid_with_uid	72	static
../Core/Src/main.c:442:13:show_bill_screen	16	static
../Core/Src/main.c:448:13:show_bill_screen_with_countdown	72	static
../Core/Src/main.c:517:5:main	40	static
../Core/Src/main.c:657:13:MX_GPIO_Init_register	4	static
../Core/Src/main.c:716:13:MX_SPI1_Init	16	static
../Core/Src/main.c:735:13:MX_ADC1_Init	8	static
../Core/Src/main.c:767:6:SystemClock_Config	80	static
../Core/Src/main.c:794:6:Error_Handler	8	static,ignoring_inline_asm
